Сообщение отправлено
Большая нагрузка!
Бот не смог отправить сообщение
Всё упало! Зовите админа!1!111
Сообщение отправлено
Большая нагрузка!
Бот не смог отправить сообщение
Всё упало! Зовите админа!1!111
Сообщение отправлено
Большая нагрузка!
Бот не смог отправить сообщение
Всё упало! Зовите админа!1!111
Сообщение отправлено
Большая нагрузка!
Бот не смог отправить сообщение
Всё упало! Зовите админа!1!111
Сообщение отправлено
Большая нагрузка!
Бот не смог отправить сообщение
Всё упало! Зовите админа!1!111
2026-09-22 09:59:21,735 - __main__ - INFO - Сообщение отправлено
2026-09-22 09:59:21,735 - __main__ - WARNING - Большая нагрузка!
2026-09-22 09:59:21,735 - __main__ - ERROR - Бот не смог отправить сообщение
2026-09-22 09:59:21,736 - __main__ - CRITICAL - Всё упало! Зовите админа!1!111
